== seed  0  closed_time_min  50.0%  closed_aligned  97.5%  open_time_min   0.0%  open_aligned  20.0%  [170s]
== seed  1  closed_time_min  62.5%  closed_aligned  99.0%  open_time_min   0.0%  open_aligned  15.0%  [77s]
== seed  2  closed_time_min  63.0%  closed_aligned  92.5%  open_time_min   0.0%  open_aligned  27.5%  [191s]
== seed  3  closed_time_min  74.0%  closed_aligned  92.0%  open_time_min   0.0%  open_aligned  32.0%  [127s]
== seed  4  closed_time_min  81.0%  closed_aligned 100.0%  open_time_min   0.0%  open_aligned  27.0%  [88s]
== seed  5  closed_time_min  63.0%  closed_aligned 100.0%  open_time_min   0.0%  open_aligned  32.0%  [156s]
== seed  6  closed_time_min  66.5%  closed_aligned  93.0%  open_time_min   0.0%  open_aligned  24.5%  [110s]
== seed  7  closed_time_min  67.0%  closed_aligned 100.0%  open_time_min   0.0%  open_aligned  40.5%  [86s]
== seed  8  closed_time_min  82.5%  closed_aligned  98.0%  open_time_min   0.0%  open_aligned  22.5%  [85s]
== seed  9  closed_time_min  79.0%  closed_aligned  96.0%  open_time_min   0.0%  open_aligned  22.0%  [167s]
== seed 10  closed_time_min  78.5%  closed_aligned  98.0%  open_time_min   0.0%  open_aligned  11.0%  [87s]
== seed 11  closed_time_min  80.5%  closed_aligned  96.0%  open_time_min   0.0%  open_aligned  42.5%  [81s]
== seed 12  closed_time_min  84.5%  closed_aligned  98.5%  open_time_min   0.0%  open_aligned  19.5%  [73s]
== seed 13  closed_time_min  57.0%  closed_aligned  97.5%  open_time_min   0.0%  open_aligned  12.5%  [105s]
== seed 14  closed_time_min  76.0%  closed_aligned  97.0%  open_time_min   0.0%  open_aligned  29.5%  [183s]
== seed 15  closed_time_min  69.0%  closed_aligned  99.5%  open_time_min   0.0%  open_aligned  33.5%  [101s]
== seed 16  closed_time_min  37.0%  closed_aligned  96.0%  open_time_min   0.0%  open_aligned  29.0%  [88s]
== seed 17  closed_time_min  71.0%  closed_aligned  96.5%  open_time_min   0.0%  open_aligned  24.0%  [97s]
== seed 18  closed_time_min  80.5%  closed_aligned  93.0%  open_time_min   0.0%  open_aligned  22.0%  [75s]
== seed 19  closed_time_min  75.0%  closed_aligned  99.0%  open_time_min   0.0%  open_aligned  24.5%  [74s]
== seed 20  closed_time_min  64.5%  closed_aligned  99.5%  open_time_min   0.0%  open_aligned  18.0%  [125s]
== seed 21  closed_time_min  60.5%  closed_aligned 100.0%  open_time_min   0.0%  open_aligned  19.5%  [76s]
== seed 22  closed_time_min  56.5%  closed_aligned  87.0%  open_time_min   0.0%  open_aligned  36.0%  [81s]
== seed 23  closed_time_min  72.5%  closed_aligned  94.5%  open_time_min   0.0%  open_aligned  28.0%  [91s]
== seed 24  closed_time_min  61.5%  closed_aligned  99.0%  open_time_min   0.0%  open_aligned   9.0%  [76s]
== seed 25  closed_time_min  73.5%  closed_aligned  95.0%  open_time_min   0.0%  open_aligned  17.5%  [78s]
== seed 26  closed_time_min  62.5%  closed_aligned  98.5%  open_time_min   0.0%  open_aligned  11.0%  [101s]
== seed 27  closed_time_min  74.5%  closed_aligned  98.5%  open_time_min   0.0%  open_aligned  21.0%  [66s]
== seed 28  closed_time_min  85.5%  closed_aligned  94.0%  open_time_min   0.0%  open_aligned  16.5%  [62s]
== seed 29  closed_time_min  57.5%  closed_aligned 100.0%  open_time_min   0.0%  open_aligned  23.0%  [70s]
closed_time_min  completion  68.9 [64.9-72.7]   travel time 9.54 [8.92-10.20]
closed_aligned   completion  96.8 [95.7-97.9]   travel time 5.93 [5.65-6.25]
open_time_min    completion   0.0 [0.0-0.0]   travel time n/a
open_aligned     completion  23.7 [20.8-26.7]   travel time 5.10 [4.95-5.29]
wrote sioux_cells_3000_gform.json in 229 s

real	3m49.606s
user	50m33.933s
sys	0m10.081s
